[donol8-rz-fe-dev3.cnt.id/kalkulator-zakat34c3.html]
[cnt-id-rz.imgix.net/web/image/cms.asset/7901/file/7901.png]
[donol8-rz-fe-dev3.cnt.id/_app/assets/start-d5b4de3e.css]
[donol8-rz-fe-dev3.cnt.id/_app/assets/vendor-564096dd.css]
[donol8-rz-fe-dev3.cnt.id/_app/assets/pages/__layout.svelte-3c24ed23.css]
[donol8-rz-fe-dev3.cnt.id/_app/assets/Alert.svelte_svelte_type_style_lang-61dc4974.css]
[donol8-rz-fe-dev3.cnt.id/_app/assets/pages/kalkulator-zakat/index.svelte-9c1cca20.css]
[donol8-rz-fe-dev3.cnt.id/_app/assets/pages/kalkulator-zakat/emas/index.svelte-ca60ccc3.css]
[donol8-rz-fe-dev3.cnt.id/_app/assets/InputText-cbf52f8f.css]
[donol8-rz-fe-dev3.cnt.id/_app/assets/InputTel-8487416b.css]
[donol8-rz-fe-dev3.cnt.id/_app/assets/header-a0af58be.css]
[donol8-rz-fe-dev3.cnt.id/_app/start-4cdcb472.js]
[donol8-rz-fe-dev3.cnt.id/_app/chunks/vendor-0de30cc4.js]
[donol8-rz-fe-dev3.cnt.id/_app/chunks/singletons-12a22614.js]
[donol8-rz-fe-dev3.cnt.id/_app/pages/__layout.svelte-9c2a631c.js]
[donol8-rz-fe-dev3.cnt.id/_app/chunks/fbPixel-47aec6c8.js]
[donol8-rz-fe-dev3.cnt.id/_app/chunks/variables-50bb92cf.js]
[donol8-rz-fe-dev3.cnt.id/_app/chunks/i18n-7654ee3c.js]
[donol8-rz-fe-dev3.cnt.id/_app/chunks/stores-d61b6f15.js]
[donol8-rz-fe-dev3.cnt.id/_app/chunks/WaIcon-37c46d70.js]
[donol8-rz-fe-dev3.cnt.id/_app/chunks/MetaSeo-4ebba82f.js]
[donol8-rz-fe-dev3.cnt.id/_app/chunks/env-2990e8b0.js]
[donol8-rz-fe-dev3.cnt.id/_app/chunks/waStore-fd403ebe.js]
[donol8-rz-fe-dev3.cnt.id/_app/chunks/flashsale.store-56c2f5c0.js]
[donol8-rz-fe-dev3.cnt.id/_app/chunks/cart-1ddcc2c6.js]
[donol8-rz-fe-dev3.cnt.id/_app/pages/kalkulator-zakat/index.svelte-4c234d81.js]
[donol8-rz-fe-dev3.cnt.id/_app/chunks/sleep-928b0da4.js]
[donol8-rz-fe-dev3.cnt.id/_app/pages/kalkulator-zakat/tabungan/index.svelte-e751b0bc.js]
[donol8-rz-fe-dev3.cnt.id/_app/chunks/formatRupiah-2ddf788e.js]
[donol8-rz-fe-dev3.cnt.id/_app/chunks/ButtonCalculator-fff37b80.js]
[donol8-rz-fe-dev3.cnt.id/_app/chunks/Button-c35a360e.js]
[donol8-rz-fe-dev3.cnt.id/_app/chunks/ShareSocial-3b78c944.js]
[donol8-rz-fe-dev3.cnt.id/_app/chunks/InputText-02942120.js]
[donol8-rz-fe-dev3.cnt.id/_app/chunks/NotifAlert-716d2d7b.js]
[donol8-rz-fe-dev3.cnt.id/_app/chunks/NavbarAction-a8586e79.js]
[donol8-rz-fe-dev3.cnt.id/_app/chunks/navbar-02aadfbe.js]
[donol8-rz-fe-dev3.cnt.id/_app/chunks/BackButton-467bf45a.js]
[donol8-rz-fe-dev3.cnt.id/_app/chunks/HistoryBack-c00fd5ba.js]
[donol8-rz-fe-dev3.cnt.id/_app/chunks/InputTel-5f2d7516.js]
[donol8-rz-fe-dev3.cnt.id/_app/pages/kalkulator-zakat/penghasilan/index.svelte-69d8e7f3.js]
[donol8-rz-fe-dev3.cnt.id/_app/pages/kalkulator-zakat/emas/index.svelte-ff6d63fd.js]
[donol8-rz-fe-dev3.cnt.id/_app/pages/kalkulator-zakat/perdagangan/index.svelte-7064feca.js]
[backblue.gif]
[fade.gif]
[index.html]
[donol8-rz-fe-dev3.cnt.id/kalkulator-zakat34c3.html]
[donol8-rz-fe-dev3.cnt.id/_app/assets/start-d5b4de3e.css]
[donol8-rz-fe-dev3.cnt.id/_app/assets/vendor-564096dd.css]
[donol8-rz-fe-dev3.cnt.id/_app/assets/pages/__layout.svelte-3c24ed23.css]
[donol8-rz-fe-dev3.cnt.id/_app/assets/Alert.svelte_svelte_type_style_lang-61dc4974.css]
[donol8-rz-fe-dev3.cnt.id/_app/assets/pages/kalkulator-zakat/index.svelte-9c1cca20.css]
[donol8-rz-fe-dev3.cnt.id/_app/assets/pages/kalkulator-zakat/emas/index.svelte-ca60ccc3.css]
[donol8-rz-fe-dev3.cnt.id/_app/assets/InputText-cbf52f8f.css]
[donol8-rz-fe-dev3.cnt.id/_app/assets/InputTel-8487416b.css]
[donol8-rz-fe-dev3.cnt.id/_app/assets/header-a0af58be.css]
[donol8-rz-fe-dev3.cnt.id/_app/chunks/header-84a36c2e.js]
